Yes, the problem seems to be solved as the monitoring does not show any 
error now.
Sorry for the disturbance.

-- 
Pierre Van Hove
IPHC - CNRS / Universite de Strasbourg
Dpt Recherche Subatomique
23 rue du Loess, BP28, F-67037 Strasbourg France
tel +33 (0)3 88 10 66 79

Le 01/02/2016 15:51, helpdesk@ggus.org a Ã©crit :
> Dear user,
>
> Your GGUS ticket #119231 was updated.
> Please read this email carefully as your input may be required!
>
> REFERENCE LINK: https://ggus.eu/index.php?mode=ticket_info&ticket_id=119231
> SUBJECT: GLEXEC errors at T3_US_PuertoRico
>
> =====================
> LATEST MODIFICATIONS:
>
> LAST MODIFIER -> eduardo@charma.uprm.edu (via Footprints)
>
>
> PUBLIC DIARY ->
> Hi
>    No the information does not help me.
>
> However checking at my gums logs near the problem date I see problems
> related to CRL.
> Looks like the CRL blackout lasted 24 hours (maybe because voms changes
> at OSG?)
> Could you check if this problem is already gone by it self?
>
> 30 Jan 2016 00:59:48,281 [INFO]: gums.gumsAdmin
> GridID[/DC=com/DC=DigiCert-Grid/O=Open Science
> Grid/OU=Services/CN=cms-grid0.hep.uprm.edu] - Mapped on host '/DC=com/DC=
> DigiCert-Grid/O=Open Science
> Grid/OU=Services/CN=cms-grid0.hep.uprm.edu/CN=1710148095' the user
> '/DC=ch/DC=cern/OU=Organic Units/OU=Users/CN=bemarsh/CN=759897/CN=Bennet
> t James Marsh' / '/cms/Role=NULL/Capability=NULL' to 'null'
> 30 Jan 2016 01:00:16,406 [INFO]: gums.gumsAdmin
> GridID[/DC=com/DC=DigiCert-Grid/O=Open Science
> Grid/OU=Services/CN=cms-grid0.hep.uprm.edu] - Mapped on host '/DC=com/DC=
> DigiCert-Grid/O=Open Science
> Grid/OU=Services/CN=cms-grid0.hep.uprm.edu/CN=1710148095' the user
> '/DC=ch/DC=cern/OU=Organic Units/OU=Users/CN=bemarsh/CN=759897/CN=Bennet
> t James Marsh' / '/cms/Role=NULL/Capability=NULL' to 'null'
> 30 Jan 2016 01:00:23,904 [INFO]: gums.gumsAdmin Starting automatic
> updateGroups
> 30 Jan 2016 01:00:23,904 [INFO]: gums.gumsAdmin Updating user group
> users for all 133 user groups
> 30 Jan 2016 01:00:24,117 [ERROR]:
> org.glite.security.trustmanager.ContextWrapper Rejecting a CRL from
> C=HU,O=NIIF,OU=Certificate Authorities,CN=NIIF Root CA because cor
> responding ca not found or invalid signature
> 30 Jan 2016 01:00:24,119 [ERROR]:
> org.glite.security.trustmanager.ContextWrapper Rejecting a CRL from
> DC=LV,DC=latgrid,CN=Certification Authority for Latvian Grid becau
> se corresponding ca not found or invalid signature
> 30 Jan 2016 01:00:24,133 [ERROR]:
> org.glite.security.trustmanager.ContextWrapper Rejecting a CRL from
> C=HU,O=NIIF,OU=Certificate Authorities,CN=NIIF Root CA because cor
> responding ca not found or invalid signature
> 30 Jan 2016 01:00:24,134 [ERROR]:
> org.glite.security.trustmanager.ContextWrapper Rejecting a CRL from
> C=SY,O=HIAST,CN=HIAST GRID CA because corresponding ca not found o
> r invalid signature
> 30 Jan 2016 01:00:24,135 [ERROR]:
> org.glite.security.trustmanager.ContextWrapper Rejecting a CRL from
> C=VE,O=Grid,O=Universidad de Los Andes,OU=CeCalCULA,CN=ULAGrid Cer
> tification Authority because corresponding ca not found or invalid signature
> 30 Jan 2016 01:00:24,141 [ERROR]:
> org.glite.security.trustmanager.ContextWrapper Rejecting a CRL from
> DC=TW,DC=ORG,DC=NCHC,CN=NCHC CA because corresponding ca not found
>    or invalid signature
> 30 Jan 2016 01:00:24,141 [ERROR]:
> org.glite.security.trustmanager.ContextWrapper Rejecting a CRL from
> DC=TW,DC=ORG,DC=NCHC,CN=NCHC CA because corresponding ca not found
>    or invalid signature
> 30 Jan 2016 01:00:24,141 [ERROR]:
> org.glite.security.trustmanager.ContextWrapper Rejecting a CRL from
> C=US,O=National Center for Supercomputing Applications,OU=Certific
> ate Authorities,CN=CACL because corresponding ca not found or invalid
> signature
> 30 Jan 2016 01:00:24,144 [ERROR]:
> org.glite.security.trustmanager.ContextWrapper Rejecting a CRL from
> DC=ch,DC=cern,CN=CERN Trusted Certification Authority because
> corresponding ca not found or invalid signature
> ...
> ...
> uscmsuser - Couldn't retrieve users: ; nested exception is:
>           java.net.UnknownHostException: voms.cern.ch
>
>           at gov.bnl.gums.CoreLogic.updateGroupsImpl(CoreLogic.java:475)
>           at gov.bnl.gums.CoreLogic.updateGroups(CoreLogic.java:213)
>           at gov.bnl.gums.GUMS$1.run(GUMS.java:93)
>           at java.util.TimerThread.mainLoop(Timer.java:555)
>           at java.util.TimerThread.run(Timer.java:505)
> 31 Jan 2016 01:07:07,312 [INFO]: gums.gumsAdmin Cleaning unused pool
> accounts
> 31 Jan 2016 01:07:07,312 [INFO]: gums.gumsAdmin Finished cleaning unused
> pool accounts
> 31
>
> [Text truncated due to GGUS 4000 char limit]
> Please access https://ticket.grid.iu.edu/viewer?id=28363#1454338213 for full text.
>
> *********************************************************************************
>   This is an automated mail. When replying don't change the subject line!
>   S T R I P  P R E V I O U S  M A I L S please!!
> *********************************************************************************


